// Jest Snapshot v1, https://goo.gl/fbAQLP

exports[`Home.vue listing with contact should match snapshot 1`] = `
<div class="home">
  <div class="header"><img id="logo" src="../assets/imgs/ic-logo.svg" alt="Ubook logo with pink coloring">
    <!---->
    <div class="input-icon"><input type="text" name="search" placeholder="Buscar..." aria-label="Busque pela agenda"> <img src="../assets/imgs/ic-search.svg" alt=""></div>
  </div>
  <div class="home-content-wrapper">
    <table>
      <tr>
        <th></th>
        <th>Contatos</th>
        <th>E-mail</th>
        <th>Telefone</th>
        <th></th>
      </tr>
      <tr>
        <td>B</td>
        <td>Bruce Wayne</td>
        <td>bruce@wayne.com</td>
        <td>999999999</td>
        <td></td>
      </tr>
      <tr>
        <td>B</td>
        <td>Bruce Wayne</td>
        <td>bruce@wayne.com</td>
        <td>999999999</td>
        <td></td>
      </tr>
    </table>
  </div>
</div>
`;

exports[`Home.vue listing without any contact should match snapshot 1`] = `
<div class="home">
  <div class="header"><img id="logo" src="../assets/imgs/ic-logo.svg" alt="Ubook logo with pink coloring">
    <!---->
    <div class="input-icon"><input type="text" name="search" placeholder="Buscar..." aria-label="Busque pela agenda"> <img src="../assets/imgs/ic-search.svg" alt=""></div>
  </div>
  <div class="home-content-wrapper">
    <div class="no-contacts-wrapper"><img id="book" src="../assets/imgs/ic-book.svg" alt="A opened book illustration with grey coloring">
      <p class="no-contact-text">Nenhum contato foi criado ainda.</p> <button type="button" name="criar-contato" class="add-button">
        + Criar contato
      </button>
    </div>
  </div>
</div>
`;
